Copyright 1986-2022 Xilinx, Inc. All Rights Reserved. Copyright 2022-2025 Advanced Micro Devices, Inc. All Rights Reserved.
---------------------------------------------------------------------------------------------------------------------------------------------
| Tool Version : Vivado v.2025.2 (win64) Build 6299465 Fri Nov 14 19:35:11 GMT 2025
| Date         : Mon May 18 14:48:02 2026
| Host         : Nevgi running 64-bit major release  (build 9200)
| Command      : check_timing -verbose -file C:/fpga_projects/pipelined-cordic-accelerator/reports/post_route_check_timing.rpt
| Design       : cordic_top
| Device       : 7a35t-cpg236
| Speed File   : -1  PRODUCTION 1.23 2018-06-13
| Design State : Routed
---------------------------------------------------------------------------------------------------------------------------------------------


check_timing report

Table of Contents
-----------------
1. checking no_clock (0)
2. checking constant_clock (0)
3. checking pulse_width_clock (0)
4. checking unconstrained_internal_endpoints (0)
5. checking no_input_delay (19)
6. checking no_output_delay (34)
7. checking multiple_clock (0)
8. checking generated_clocks (0)
9. checking loops (0)
10. checking partial_input_delay (0)
11. checking partial_output_delay (0)
12. checking latch_loops (0)

1. checking no_clock (0)
------------------------
 There are 0 register/latch pins with no clock.


2. checking constant_clock (0)
------------------------------
 There are 0 register/latch pins with constant_clock.


3. checking pulse_width_clock (0)
---------------------------------
 There are 0 register/latch pins which need pulse_width check


4. checking unconstrained_internal_endpoints (0)
------------------------------------------------
 There are 0 pins that are not constrained for maximum delay.

 There are 0 pins that are not constrained for maximum delay due to constant clock.


5. checking no_input_delay (19)
-------------------------------
 There are 19 input ports with no input delay specified. (HIGH)

angle_in[0]
angle_in[10]
angle_in[11]
angle_in[12]
angle_in[13]
angle_in[14]
angle_in[15]
angle_in[1]
angle_in[2]
angle_in[3]
angle_in[4]
angle_in[5]
angle_in[6]
angle_in[7]
angle_in[8]
angle_in[9]
in_valid
out_ready
rst_n

 There are 0 input ports with no input delay but user has a false path constraint.


6. checking no_output_delay (34)
--------------------------------
 There are 34 ports with no output delay specified. (HIGH)

cos_out[0]
cos_out[10]
cos_out[11]
cos_out[12]
cos_out[13]
cos_out[14]
cos_out[15]
cos_out[1]
cos_out[2]
cos_out[3]
cos_out[4]
cos_out[5]
cos_out[6]
cos_out[7]
cos_out[8]
cos_out[9]
in_ready
out_valid
sin_out[0]
sin_out[10]
sin_out[11]
sin_out[12]
sin_out[13]
sin_out[14]
sin_out[15]
sin_out[1]
sin_out[2]
sin_out[3]
sin_out[4]
sin_out[5]
sin_out[6]
sin_out[7]
sin_out[8]
sin_out[9]

 There are 0 ports with no output delay but user has a false path constraint

 There are 0 ports with no output delay but with a timing clock defined on it or propagating through it


7. checking multiple_clock (0)
------------------------------
 There are 0 register/latch pins with multiple clocks.


8. checking generated_clocks (0)
--------------------------------
 There are 0 generated clocks that are not connected to a clock source.


9. checking loops (0)
---------------------
 There are 0 combinational loops in the design.


10. checking partial_input_delay (0)
------------------------------------
 There are 0 input ports with partial input delay specified.


11. checking partial_output_delay (0)
-------------------------------------
 There are 0 ports with partial output delay specified.


12. checking latch_loops (0)
----------------------------
 There are 0 combinational latch loops in the design through latch input


