Copyright 1986-2022 Xilinx, Inc. All Rights Reserved. Copyright 2022-2025 Advanced Micro Devices, Inc. All Rights Reserved.
----------------------------------------------------------------------------------------------------------------------------------------------------------------------------------------
| Tool Version : Vivado v.2025.2 (win64) Build 6299465 Fri Nov 14 19:35:11 GMT 2025
| Date         : Mon May 18 14:46:00 2026
| Host         : Nevgi running 64-bit major release  (build 9200)
| Command      : report_timing_summary -delay_type max -report_unconstrained -check_timing_verbose -file C:/fpga_projects/pipelined-cordic-accelerator/reports/synth_timing_summary.rpt
| Design       : cordic_top
| Device       : 7a35t-cpg236
| Speed File   : -1  PRODUCTION 1.23 2018-06-13
| Design State : Synthesized
----------------------------------------------------------------------------------------------------------------------------------------------------------------------------------------

Timing Summary Report

------------------------------------------------------------------------------------------------
| Timer Settings
| --------------
------------------------------------------------------------------------------------------------

  Enable Multi Corner Analysis               :  Yes
  Enable Pessimism Removal                   :  Yes
  Pessimism Removal Resolution               :  Nearest Common Node
  Enable Input Delay Default Clock           :  No
  Enable Preset / Clear Arcs                 :  No
  Disable Flight Delays                      :  No
  Ignore I/O Paths                           :  No
  Timing Early Launch at Borrowing Latches   :  No
  Borrow Time for Max Delay Exceptions       :  Yes
  Merge Timing Exceptions                    :  Yes
  Inter-SLR Compensation                     :  Conservative

  Corner  Analyze    Analyze    
  Name    Max Paths  Min Paths  
  ------  ---------  ---------  
  Slow    Yes        Yes        
  Fast    Yes        Yes        


------------------------------------------------------------------------------------------------
| Report Methodology
| ------------------
------------------------------------------------------------------------------------------------

No report available as report_methodology has not been run prior. Run report_methodology on the current design for the summary of methodology violations.



check_timing report

Table of Contents
-----------------
1. checking no_clock (0)
2. checking constant_clock (0)
3. checking pulse_width_clock (0)
4. checking unconstrained_internal_endpoints (0)
5. checking no_input_delay (19)
6. checking no_output_delay (34)
7. checking multiple_clock (0)
8. checking generated_clocks (0)
9. checking loops (0)
10. checking partial_input_delay (0)
11. checking partial_output_delay (0)
12. checking latch_loops (0)

1. checking no_clock (0)
------------------------
 There are 0 register/latch pins with no clock.


2. checking constant_clock (0)
------------------------------
 There are 0 register/latch pins with constant_clock.


3. checking pulse_width_clock (0)
---------------------------------
 There are 0 register/latch pins which need pulse_width check


4. checking unconstrained_internal_endpoints (0)
------------------------------------------------
 There are 0 pins that are not constrained for maximum delay.

 There are 0 pins that are not constrained for maximum delay due to constant clock.


5. checking no_input_delay (19)
-------------------------------
 There are 19 input ports with no input delay specified. (HIGH)

angle_in[0]
angle_in[10]
angle_in[11]
angle_in[12]
angle_in[13]
angle_in[14]
angle_in[15]
angle_in[1]
angle_in[2]
angle_in[3]
angle_in[4]
angle_in[5]
angle_in[6]
angle_in[7]
angle_in[8]
angle_in[9]
in_valid
out_ready
rst_n

 There are 0 input ports with no input delay but user has a false path constraint.


6. checking no_output_delay (34)
--------------------------------
 There are 34 ports with no output delay specified. (HIGH)

cos_out[0]
cos_out[10]
cos_out[11]
cos_out[12]
cos_out[13]
cos_out[14]
cos_out[15]
cos_out[1]
cos_out[2]
cos_out[3]
cos_out[4]
cos_out[5]
cos_out[6]
cos_out[7]
cos_out[8]
cos_out[9]
in_ready
out_valid
sin_out[0]
sin_out[10]
sin_out[11]
sin_out[12]
sin_out[13]
sin_out[14]
sin_out[15]
sin_out[1]
sin_out[2]
sin_out[3]
sin_out[4]
sin_out[5]
sin_out[6]
sin_out[7]
sin_out[8]
sin_out[9]

 There are 0 ports with no output delay but user has a false path constraint

 There are 0 ports with no output delay but with a timing clock defined on it or propagating through it


7. checking multiple_clock (0)
------------------------------
 There are 0 register/latch pins with multiple clocks.


8. checking generated_clocks (0)
--------------------------------
 There are 0 generated clocks that are not connected to a clock source.


9. checking loops (0)
---------------------
 There are 0 combinational loops in the design.


10. checking partial_input_delay (0)
------------------------------------
 There are 0 input ports with partial input delay specified.


11. checking partial_output_delay (0)
-------------------------------------
 There are 0 ports with partial output delay specified.


12. checking latch_loops (0)
----------------------------
 There are 0 combinational latch loops in the design through latch input



------------------------------------------------------------------------------------------------
| Design Timing Summary
| ---------------------
------------------------------------------------------------------------------------------------

    WNS(ns)      TNS(ns)  TNS Failing Endpoints  TNS Total Endpoints     WPWS(ns)     TPWS(ns)  TPWS Failing Endpoints  TPWS Total Endpoints  
    -------      -------  ---------------------  -------------------     --------     --------  ----------------------  --------------------  
      6.264        0.000                      0                 1481        4.500        0.000                       0                   750  


All user specified timing constraints are met.


------------------------------------------------------------------------------------------------
| Clock Summary
| -------------
------------------------------------------------------------------------------------------------

Clock  Waveform(ns)       Period(ns)      Frequency(MHz)
-----  ------------       ----------      --------------
clk    {0.000 5.000}      10.000          100.000         


------------------------------------------------------------------------------------------------
| Intra Clock Table
| -----------------
------------------------------------------------------------------------------------------------

Clock             WNS(ns)      TNS(ns)  TNS Failing Endpoints  TNS Total Endpoints     WPWS(ns)     TPWS(ns)  TPWS Failing Endpoints  TPWS Total Endpoints  
-----             -------      -------  ---------------------  -------------------     --------     --------  ----------------------  --------------------  
clk                 6.264        0.000                      0                 1481        4.500        0.000                       0                   750  


------------------------------------------------------------------------------------------------
| Inter Clock Table
| -----------------
------------------------------------------------------------------------------------------------

From Clock    To Clock          WNS(ns)      TNS(ns)  TNS Failing Endpoints  TNS Total Endpoints  
----------    --------          -------      -------  ---------------------  -------------------  


------------------------------------------------------------------------------------------------
| Other Path Groups Table
| -----------------------
------------------------------------------------------------------------------------------------

Path Group    From Clock    To Clock          WNS(ns)      TNS(ns)  TNS Failing Endpoints  TNS Total Endpoints  
----------    ----------    --------          -------      -------  ---------------------  -------------------  


------------------------------------------------------------------------------------------------
| User Ignored Path Table
| -----------------------
------------------------------------------------------------------------------------------------

Path Group    From Clock    To Clock    
----------    ----------    --------    


------------------------------------------------------------------------------------------------
| Unconstrained Path Table
| ------------------------
------------------------------------------------------------------------------------------------

Path Group    From Clock    To Clock    
----------    ----------    --------    
(none)                                    
(none)        clk                         
(none)                      clk           


------------------------------------------------------------------------------------------------
| Timing Details
| --------------
------------------------------------------------------------------------------------------------


---------------------------------------------------------------------------------------------------
From Clock:  clk
  To Clock:  clk

Setup :            0  Failing Endpoints,  Worst Slack        6.264ns,  Total Violation        0.000ns
Hold  :           NA  Failing Endpoints,  Worst Slack           NA  ,  Total Violation           NA
PW    :            0  Failing Endpoints,  Worst Slack        4.500ns,  Total Violation        0.000ns
---------------------------------------------------------------------------------------------------


Max Delay Paths
--------------------------------------------------------------------------------------
Slack (MET) :             6.264ns  (required time - arrival time)
  Source:                 u_cordic_core/y_pipe_reg[1][15]/C
                            (rising edge-triggered cell FDCE clocked by clk  {rise@0.000ns fall@5.000ns period=10.000ns})
  Destination:            u_cordic_core/y_pipe_reg[2][15]/D
                            (rising edge-triggered cell FDCE clocked by clk  {rise@0.000ns fall@5.000ns period=10.000ns})
  Path Group:             clk
  Path Type:              Setup (Max at Slow Process Corner)
  Requirement:            10.000ns  (clk rise@10.000ns - clk rise@0.000ns)
  Data Path Delay:        3.585ns  (logic 2.156ns (60.139%)  route 1.429ns (39.861%))
  Logic Levels:           6  (CARRY4=4 LUT2=1 LUT3=1)
  Clock Path Skew:        -0.145ns (DCD - SCD + CPR)
    Destination Clock Delay (DCD):    2.079ns = ( 12.079 - 10.000 ) 
    Source Clock Delay      (SCD):    2.402ns
    Clock Pessimism Removal (CPR):    0.178ns
  Clock Uncertainty:      0.035ns  ((TSJ^2 + TIJ^2)^1/2 + DJ) / 2 + PE
    Total System Jitter     (TSJ):    0.071ns
    Total Input Jitter      (TIJ):    0.000ns
    Discrete Jitter          (DJ):    0.000ns
    Phase Error              (PE):    0.000ns

    Location             Delay type                Incr(ns)  Path(ns)    Netlist Resource(s)
  -------------------------------------------------------------------    -------------------
                         (clock clk rise edge)        0.000     0.000 r  
                                                      0.000     0.000 r  clk (IN)
                         net (fo=0)                   0.000     0.000    clk
                         IBUF (Prop_ibuf_I_O)         0.923     0.923 r  clk_IBUF_inst/O
                         net (fo=1, unplaced)         0.800     1.722    clk_IBUF
                         BUFG (Prop_bufg_I_O)         0.096     1.818 r  clk_IBUF_BUFG_inst/O
                         net (fo=749, unplaced)       0.584     2.402    u_cordic_core/CLK
                         FDCE                                         r  u_cordic_core/y_pipe_reg[1][15]/C
  -------------------------------------------------------------------    -------------------
                         FDCE (Prop_fdce_C_Q)         0.456     2.858 r  u_cordic_core/y_pipe_reg[1][15]/Q
                         net (fo=21, unplaced)        0.802     3.660    u_cordic_core/y_pipe_reg[1][15]
                         LUT3 (Prop_lut3_I0_O)        0.295     3.955 r  u_cordic_core/y_pipe0_carry_i_3/O
                         net (fo=1, unplaced)         0.000     3.955    u_cordic_core/y_pipe0_carry_i_3_n_0
                         CARRY4 (Prop_carry4_S[1]_CO[3])
                                                      0.533     4.488 r  u_cordic_core/y_pipe0_carry/CO[3]
                         net (fo=1, unplaced)         0.009     4.497    u_cordic_core/y_pipe0_carry_n_0
                         CARRY4 (Prop_carry4_CI_CO[3])
                                                      0.117     4.614 r  u_cordic_core/y_pipe0_carry__0/CO[3]
                         net (fo=1, unplaced)         0.000     4.614    u_cordic_core/y_pipe0_carry__0_n_0
                         CARRY4 (Prop_carry4_CI_CO[3])
                                                      0.117     4.731 r  u_cordic_core/y_pipe0_carry__1/CO[3]
                         net (fo=1, unplaced)         0.000     4.731    u_cordic_core/y_pipe0_carry__1_n_0
                         CARRY4 (Prop_carry4_CI_O[3])
                                                      0.331     5.062 r  u_cordic_core/y_pipe0_carry__2/O[3]
                         net (fo=1, unplaced)         0.618     5.680    u_cordic_core/y_pipe0_carry__2_n_4
                         LUT2 (Prop_lut2_I1_O)        0.307     5.987 r  u_cordic_core/y_pipe[2][15]_i_1/O
                         net (fo=1, unplaced)         0.000     5.987    u_cordic_core/y_pipe[2][15]_i_1_n_0
                         FDCE                                         r  u_cordic_core/y_pipe_reg[2][15]/D
  -------------------------------------------------------------------    -------------------

                         (clock clk rise edge)       10.000    10.000 r  
                                                      0.000    10.000 r  clk (IN)
                         net (fo=0)                   0.000    10.000    clk
                         IBUF (Prop_ibuf_I_O)         0.789    10.789 r  clk_IBUF_inst/O
                         net (fo=1, unplaced)         0.760    11.549    clk_IBUF
                         BUFG (Prop_bufg_I_O)         0.091    11.640 r  clk_IBUF_BUFG_inst/O
                         net (fo=749, unplaced)       0.439    12.079    u_cordic_core/CLK
                         FDCE                                         r  u_cordic_core/y_pipe_reg[2][15]/C
                         clock pessimism              0.178    12.257    
                         clock uncertainty           -0.035    12.222    
                         FDCE (Setup_fdce_C_D)        0.029    12.251    u_cordic_core/y_pipe_reg[2][15]
  -------------------------------------------------------------------
                         required time                         12.251    
                         arrival time                          -5.987    
  -------------------------------------------------------------------
                         slack                                  6.264    





Pulse Width Checks
--------------------------------------------------------------------------------------
Clock Name:         clk
Waveform(ns):       { 0.000 5.000 }
Period(ns):         10.000
Sources:            { clk }

Check Type        Corner  Lib Pin  Reference Pin  Required(ns)  Actual(ns)  Slack(ns)  Location  Pin
Min Period        n/a     BUFG/I   n/a            2.155         10.000      7.845                clk_IBUF_BUFG_inst/I
Low Pulse Width   Slow    FDCE/C   n/a            0.500         5.000       4.500                u_cordic_core/valid_pipe_reg[0]/C
High Pulse Width  Slow    FDCE/C   n/a            0.500         5.000       4.500                u_cordic_core/valid_pipe_reg[0]/C



--------------------------------------------------------------------------------------
Path Group:  (none)
From Clock:  
  To Clock:  

Max Delay             1 Endpoint
Min Delay             0 Endpoints
--------------------------------------------------------------------------------------


Max Delay Paths
--------------------------------------------------------------------------------------
Slack:                    inf
  Source:                 out_ready
                            (input port)
  Destination:            in_ready
                            (output port)
  Path Group:             (none)
  Path Type:              Max at Slow Process Corner
  Data Path Delay:        5.231ns  (logic 3.632ns (69.427%)  route 1.599ns (30.573%))
  Logic Levels:           3  (IBUF=1 LUT2=1 OBUF=1)

    Location             Delay type                Incr(ns)  Path(ns)    Netlist Resource(s)
  -------------------------------------------------------------------    -------------------
                                                      0.000     0.000 r  out_ready (IN)
                         net (fo=0)                   0.000     0.000    out_ready
                         IBUF (Prop_ibuf_I_O)         0.923     0.923 r  out_ready_IBUF_inst/O
                         net (fo=1, unplaced)         0.800     1.722    u_cordic_core/out_ready_IBUF
                         LUT2 (Prop_lut2_I0_O)        0.124     1.846 r  u_cordic_core/in_ready_OBUF_inst_i_1/O
                         net (fo=750, unplaced)       0.800     2.646    in_ready_OBUF
                         OBUF (Prop_obuf_I_O)         2.585     5.231 r  in_ready_OBUF_inst/O
                         net (fo=0)                   0.000     5.231    in_ready
                                                                      r  in_ready (OUT)
  -------------------------------------------------------------------    -------------------





--------------------------------------------------------------------------------------
Path Group:  (none)
From Clock:  clk
  To Clock:  

Max Delay            34 Endpoints
Min Delay             0 Endpoints
--------------------------------------------------------------------------------------


Max Delay Paths
--------------------------------------------------------------------------------------
Slack:                    inf
  Source:                 u_cordic_core/valid_pipe_reg[16]/C
                            (rising edge-triggered cell FDCE clocked by clk  {rise@0.000ns fall@5.000ns period=10.000ns})
  Destination:            in_ready
                            (output port)
  Path Group:             (none)
  Path Type:              Max at Slow Process Corner
  Data Path Delay:        4.458ns  (logic 3.336ns (74.839%)  route 1.122ns (25.161%))
  Logic Levels:           2  (LUT2=1 OBUF=1)
  Clock Uncertainty:      0.025ns  ((TSJ^2 + TIJ^2)^1/2 + DJ) / 2 + PE
    Total System Jitter     (TSJ):    0.050ns
    Total Input Jitter      (TIJ):    0.000ns
    Discrete Jitter          (DJ):    0.000ns
    Phase Error              (PE):    0.000ns

    Location             Delay type                Incr(ns)  Path(ns)    Netlist Resource(s)
  -------------------------------------------------------------------    -------------------
                         (clock clk rise edge)        0.000     0.000 r  
                                                      0.000     0.000 r  clk (IN)
                         net (fo=0)                   0.000     0.000    clk
                         IBUF (Prop_ibuf_I_O)         0.923     0.923 r  clk_IBUF_inst/O
                         net (fo=1, unplaced)         0.800     1.722    clk_IBUF
                         BUFG (Prop_bufg_I_O)         0.096     1.818 r  clk_IBUF_BUFG_inst/O
                         net (fo=749, unplaced)       0.584     2.402    u_cordic_core/CLK
                         FDCE                                         r  u_cordic_core/valid_pipe_reg[16]/C
  -------------------------------------------------------------------    -------------------
                         FDCE (Prop_fdce_C_Q)         0.456     2.858 f  u_cordic_core/valid_pipe_reg[16]/Q
                         net (fo=2, unplaced)         0.322     3.180    u_cordic_core/out_valid
                         LUT2 (Prop_lut2_I1_O)        0.295     3.475 r  u_cordic_core/in_ready_OBUF_inst_i_1/O
                         net (fo=750, unplaced)       0.800     4.275    in_ready_OBUF
                         OBUF (Prop_obuf_I_O)         2.585     6.860 r  in_ready_OBUF_inst/O
                         net (fo=0)                   0.000     6.860    in_ready
                                                                      r  in_ready (OUT)
  -------------------------------------------------------------------    -------------------





--------------------------------------------------------------------------------------
Path Group:  (none)
From Clock:  
  To Clock:  clk

Max Delay          1515 Endpoints
Min Delay             0 Endpoints
--------------------------------------------------------------------------------------


Max Delay Paths
--------------------------------------------------------------------------------------
Slack:                    inf
  Source:                 rst_n
                            (input port)
  Destination:            u_cordic_core/valid_pipe_reg[0]/CLR
                            (recovery check against rising-edge clock clk  {rise@0.000ns fall@5.000ns period=10.000ns})
  Path Group:             (none)
  Path Type:              Recovery (Max at Slow Process Corner)
  Data Path Delay:        2.762ns  (logic 1.047ns (37.889%)  route 1.716ns (62.111%))
  Logic Levels:           2  (IBUF=1 LUT1=1)
  Clock Path Skew:        2.079ns (DCD - SCD + CPR)
    Destination Clock Delay (DCD):    2.079ns
    Source Clock Delay      (SCD):    0.000ns
    Clock Pessimism Removal (CPR):    0.000ns
  Clock Uncertainty:      0.025ns  ((TSJ^2 + TIJ^2)^1/2 + DJ) / 2 + PE
    Total System Jitter     (TSJ):    0.050ns
    Total Input Jitter      (TIJ):    0.000ns
    Discrete Jitter          (DJ):    0.000ns
    Phase Error              (PE):    0.000ns

    Location             Delay type                Incr(ns)  Path(ns)    Netlist Resource(s)
  -------------------------------------------------------------------    -------------------
                                                      0.000     0.000 r  rst_n (IN)
                         net (fo=0)                   0.000     0.000    rst_n
                         IBUF (Prop_ibuf_I_O)         0.923     0.923 r  rst_n_IBUF_inst/O
                         net (fo=1, unplaced)         0.800     1.722    u_cordic_core/rst_n_IBUF
                         LUT1 (Prop_lut1_I0_O)        0.124     1.846 f  u_cordic_core/valid_pipe[2]_i_1/O
                         net (fo=749, unplaced)       0.916     2.762    u_cordic_core/valid_pipe[2]_i_1_n_0
                         FDCE                                         f  u_cordic_core/valid_pipe_reg[0]/CLR
  -------------------------------------------------------------------    -------------------

                         (clock clk rise edge)        0.000     0.000 r  
                                                      0.000     0.000 r  clk (IN)
                         net (fo=0)                   0.000     0.000    clk
                         IBUF (Prop_ibuf_I_O)         0.789     0.789 r  clk_IBUF_inst/O
                         net (fo=1, unplaced)         0.760     1.549    clk_IBUF
                         BUFG (Prop_bufg_I_O)         0.091     1.640 r  clk_IBUF_BUFG_inst/O
                         net (fo=749, unplaced)       0.439     2.079    u_cordic_core/CLK
                         FDCE                                         r  u_cordic_core/valid_pipe_reg[0]/C





